Archive member included to satisfy reference by file (symbol)

e:/islam/careers/embedded/iti/sessions/arm/imt_sdk_win_64/winarm/armgcc/bin/../lib/gcc/arm-none-eabi/7.2.1/../../../../arm-none-eabi/lib/thumb/v7e-m\libg_nano.a(lib_a-errno.o)
                              ./system/src/newlib/_sbrk.o (__errno)
e:/islam/careers/embedded/iti/sessions/arm/imt_sdk_win_64/winarm/armgcc/bin/../lib/gcc/arm-none-eabi/7.2.1/../../../../arm-none-eabi/lib/thumb/v7e-m\libg_nano.a(lib_a-impure.o)
                              e:/islam/careers/embedded/iti/sessions/arm/imt_sdk_win_64/winarm/armgcc/bin/../lib/gcc/arm-none-eabi/7.2.1/../../../../arm-none-eabi/lib/thumb/v7e-m\libg_nano.a(lib_a-errno.o) (_impure_ptr)
e:/islam/careers/embedded/iti/sessions/arm/imt_sdk_win_64/winarm/armgcc/bin/../lib/gcc/arm-none-eabi/7.2.1/../../../../arm-none-eabi/lib/thumb/v7e-m\libg_nano.a(lib_a-strlen.o)
                              ./system/src/diag/Trace.o (strlen)
e:/islam/careers/embedded/iti/sessions/arm/imt_sdk_win_64/winarm/armgcc/bin/../lib/gcc/arm-none-eabi/7.2.1/../../../../arm-none-eabi/lib/thumb/v7e-m\libg_nano.a(lib_a-vsnprintf.o)
                              ./system/src/diag/Trace.o (vsnprintf)
e:/islam/careers/embedded/iti/sessions/arm/imt_sdk_win_64/winarm/armgcc/bin/../lib/gcc/arm-none-eabi/7.2.1/../../../../arm-none-eabi/lib/thumb/v7e-m\libg_nano.a(lib_a-nano-svfprintf.o)
                              e:/islam/careers/embedded/iti/sessions/arm/imt_sdk_win_64/winarm/armgcc/bin/../lib/gcc/arm-none-eabi/7.2.1/../../../../arm-none-eabi/lib/thumb/v7e-m\libg_nano.a(lib_a-vsnprintf.o) (_svfprintf_r)
e:/islam/careers/embedded/iti/sessions/arm/imt_sdk_win_64/winarm/armgcc/bin/../lib/gcc/arm-none-eabi/7.2.1/../../../../arm-none-eabi/lib/thumb/v7e-m\libg_nano.a(lib_a-nano-vfprintf_i.o)
                              e:/islam/careers/embedded/iti/sessions/arm/imt_sdk_win_64/winarm/armgcc/bin/../lib/gcc/arm-none-eabi/7.2.1/../../../../arm-none-eabi/lib/thumb/v7e-m\libg_nano.a(lib_a-nano-svfprintf.o) (_printf_i)
e:/islam/careers/embedded/iti/sessions/arm/imt_sdk_win_64/winarm/armgcc/bin/../lib/gcc/arm-none-eabi/7.2.1/../../../../arm-none-eabi/lib/thumb/v7e-m\libg_nano.a(lib_a-memchr.o)
                              e:/islam/careers/embedded/iti/sessions/arm/imt_sdk_win_64/winarm/armgcc/bin/../lib/gcc/arm-none-eabi/7.2.1/../../../../arm-none-eabi/lib/thumb/v7e-m\libg_nano.a(lib_a-nano-svfprintf.o) (memchr)
e:/islam/careers/embedded/iti/sessions/arm/imt_sdk_win_64/winarm/armgcc/bin/../lib/gcc/arm-none-eabi/7.2.1/../../../../arm-none-eabi/lib/thumb/v7e-m\libg_nano.a(lib_a-memcpy-stub.o)
                              e:/islam/careers/embedded/iti/sessions/arm/imt_sdk_win_64/winarm/armgcc/bin/../lib/gcc/arm-none-eabi/7.2.1/../../../../arm-none-eabi/lib/thumb/v7e-m\libg_nano.a(lib_a-nano-svfprintf.o) (memcpy)
e:/islam/careers/embedded/iti/sessions/arm/imt_sdk_win_64/winarm/armgcc/bin/../lib/gcc/arm-none-eabi/7.2.1/../../../../arm-none-eabi/lib/thumb/v7e-m\libg_nano.a(lib_a-memmove.o)
                              e:/islam/careers/embedded/iti/sessions/arm/imt_sdk_win_64/winarm/armgcc/bin/../lib/gcc/arm-none-eabi/7.2.1/../../../../arm-none-eabi/lib/thumb/v7e-m\libg_nano.a(lib_a-nano-svfprintf.o) (memmove)
e:/islam/careers/embedded/iti/sessions/arm/imt_sdk_win_64/winarm/armgcc/bin/../lib/gcc/arm-none-eabi/7.2.1/../../../../arm-none-eabi/lib/thumb/v7e-m\libg_nano.a(lib_a-nano-freer.o)
                              e:/islam/careers/embedded/iti/sessions/arm/imt_sdk_win_64/winarm/armgcc/bin/../lib/gcc/arm-none-eabi/7.2.1/../../../../arm-none-eabi/lib/thumb/v7e-m\libg_nano.a(lib_a-nano-svfprintf.o) (_free_r)
e:/islam/careers/embedded/iti/sessions/arm/imt_sdk_win_64/winarm/armgcc/bin/../lib/gcc/arm-none-eabi/7.2.1/../../../../arm-none-eabi/lib/thumb/v7e-m\libg_nano.a(lib_a-nano-mallocr.o)
                              e:/islam/careers/embedded/iti/sessions/arm/imt_sdk_win_64/winarm/armgcc/bin/../lib/gcc/arm-none-eabi/7.2.1/../../../../arm-none-eabi/lib/thumb/v7e-m\libg_nano.a(lib_a-nano-svfprintf.o) (_malloc_r)
e:/islam/careers/embedded/iti/sessions/arm/imt_sdk_win_64/winarm/armgcc/bin/../lib/gcc/arm-none-eabi/7.2.1/../../../../arm-none-eabi/lib/thumb/v7e-m\libg_nano.a(lib_a-nano-reallocr.o)
                              e:/islam/careers/embedded/iti/sessions/arm/imt_sdk_win_64/winarm/armgcc/bin/../lib/gcc/arm-none-eabi/7.2.1/../../../../arm-none-eabi/lib/thumb/v7e-m\libg_nano.a(lib_a-nano-svfprintf.o) (_realloc_r)
e:/islam/careers/embedded/iti/sessions/arm/imt_sdk_win_64/winarm/armgcc/bin/../lib/gcc/arm-none-eabi/7.2.1/../../../../arm-none-eabi/lib/thumb/v7e-m\libg_nano.a(lib_a-sbrkr.o)
                              e:/islam/careers/embedded/iti/sessions/arm/imt_sdk_win_64/winarm/armgcc/bin/../lib/gcc/arm-none-eabi/7.2.1/../../../../arm-none-eabi/lib/thumb/v7e-m\libg_nano.a(lib_a-nano-mallocr.o) (_sbrk_r)
[...]
Memory Configuration

Name             Origin             Length             Attributes
RAM              0x20000000         0x00010000         xrw
CCMRAM           0x10000000         0x00000000         xrw
FLASH            0x08000000         0x00040000         xr
FLASHB1          0x00000000         0x00000000         xr
EXTMEMB0         0x00000000         0x00000000         xr
EXTMEMB1         0x00000000         0x00000000         xr
EXTMEMB2         0x00000000         0x00000000         xr
EXTMEMB3         0x00000000         0x00000000         xr
*default*        0x00000000         0xffffffff

Linker script and memory map

LOAD ./system/src/stm32f4-hal/stm32f4xx_hal.o
LOAD ./system/src/stm32f4-hal/stm32f4xx_hal_cortex.o
LOAD ./system/src/stm32f4-hal/stm32f4xx_hal_dfsdm.o
LOAD ./system/src/stm32f4-hal/stm32f4xx_hal_flash.o
LOAD ./system/src/stm32f4-hal/stm32f4xx_hal_gpio.o
LOAD ./system/src/stm32f4-hal/stm32f4xx_hal_iwdg.o
LOAD ./system/src/stm32f4-hal/stm32f4xx_hal_pwr.o
LOAD ./system/src/stm32f4-hal/stm32f4xx_hal_rcc.o
LOAD ./system/src/newlib/_cxx.o
LOAD ./system/src/newlib/_exit.o
LOAD ./system/src/newlib/_sbrk.o
LOAD ./system/src/newlib/_startup.o
LOAD ./system/src/newlib/_syscalls.o
LOAD ./system/src/newlib/assert.o
LOAD ./system/src/diag/Trace.o
LOAD ./system/src/diag/trace_impl.o
LOAD ./system/src/cortexm/_initialize_hardware.o
LOAD ./system/src/cortexm/_reset_hardware.o
LOAD ./system/src/cortexm/exception_handlers.o
LOAD ./system/src/cmsis/system_stm32f4xx.o
LOAD ./system/src/cmsis/vectors_stm32f401xc.o
LOAD ./src/MCAL/SYSTICK/SYSTICK_program.o
LOAD ./src/MCAL/RCC/RCC_program.o
LOAD ./src/MCAL/NVIC/NVIC_program.o
LOAD ./src/MCAL/GPIO/GPIO_program.o
LOAD ./src/MCAL/EXTI/EXTI_program.o
LOAD ./src/HAL/HSSD/HSSD_program.o
LOAD ./src/HAL/HLEDMATRIX/HLEDMATRIX_config.o
LOAD ./src/HAL/HLEDMATRIX/HLEDMATRIX_program.o
LOAD ./src/_initialize_hardware.o
LOAD ./src/_write.o
LOAD ./src/main.o
LOAD ./src/stm32f4xx_hal_msp.o
LOAD e:/islam/careers/embedded/iti/sessions/arm/imt_sdk_win_64/winarm/armgcc/bin/../lib/gcc/arm-none-eabi/7.2.1/../../../../arm-none-eabi/lib/thumb/v7e-m\libstdc++_nano.a
LOAD e:/islam/careers/embedded/iti/sessions/arm/imt_sdk_win_64/winarm/armgcc/bin/../lib/gcc/arm-none-eabi/7.2.1/../../../../arm-none-eabi/lib/thumb/v7e-m\libm.a
START GROUP
LOAD e:/islam/careers/embedded/iti/sessions/arm/imt_sdk_win_64/winarm/armgcc/bin/../lib/gcc/arm-none-eabi/7.2.1/thumb/v7e-m\libgcc.a
LOAD e:/islam/careers/embedded/iti/sessions/arm/imt_sdk_win_64/winarm/armgcc/bin/../lib/gcc/arm-none-eabi/7.2.1/../../../../arm-none-eabi/lib/thumb/v7e-m\libg_nano.a
LOAD e:/islam/careers/embedded/iti/sessions/arm/imt_sdk_win_64/winarm/armgcc/bin/../lib/gcc/arm-none-eabi/7.2.1/../../../../arm-none-eabi/lib/thumb/v7e-m\libc_nano.a
END GROUP
START GROUP
LOAD e:/islam/careers/embedded/iti/sessions/arm/imt_sdk_win_64/winarm/armgcc/bin/../lib/gcc/arm-none-eabi/7.2.1/thumb/v7e-m\libgcc.a
LOAD e:/islam/careers/embedded/iti/sessions/arm/imt_sdk_win_64/winarm/armgcc/bin/../lib/gcc/arm-none-eabi/7.2.1/../../../../arm-none-eabi/lib/thumb/v7e-m\libc_nano.a
END GROUP
                0x20010000                __stack = (ORIGIN (RAM) + LENGTH (RAM))
                0x20010000                _estack = __stack
                0x00000400                __Main_Stack_Size = 0x400
                [!provide]                PROVIDE (_Main_Stack_Size, __Main_Stack_Size)
                0x2000fc00                __Main_Stack_Limit = (__stack - __Main_Stack_Size)
                [!provide]                PROVIDE (_Main_Stack_Limit, __Main_Stack_Limit)
                0x00000100                _Minimum_Stack_Size = 0x100
                0x200001e0                PROVIDE (_Heap_Begin, _end_noinit)
                0x2000fc00                PROVIDE (_Heap_Limit, (__stack - __Main_Stack_Size))

.isr_vector     0x08000000      0x3f4
 FILL mask 0xff
                0x08000000                __vectors_start = ABSOLUTE (.)
                0x08000000                __vectors_start__ = ABSOLUTE (.)
 *(.isr_vector)
 .isr_vector    0x08000000      0x194 ./system/src/cmsis/vectors_stm32f401xc.o
                0x08000000                __isr_vectors
 *(.cfmconfig)
 *(.after_vectors .after_vectors.*)
 .after_vectors
                0x08000194      0x130 ./system/src/newlib/_startup.o
                0x08000194                _start
 .after_vectors
                0x080002c4      0x12c ./system/src/cortexm/exception_handlers.o
                0x080002c4                Reset_Handler
                0x080002ca                NMI_Handler
                0x080002ce                HardFault_Handler
                0x080002e2                HardFault_Handler_C
                0x08000340                MemManage_Handler
                0x08000344                BusFault_Handler
                0x08000358                BusFault_Handler_C
                0x0800038c                UsageFault_Handler
                0x080003a0                UsageFault_Handler_C
                0x080003d4                SVC_Handler
                0x080003d8                DebugMon_Handler
                0x080003dc                PendSV_Handler
 .after_vectors
                0x080003f0        0x4 ./system/src/cmsis/vectors_stm32f401xc.o
                0x080003f0                RTC_Alarm_IRQHandler
                0x080003f0                SPI4_IRQHandler
                0x080003f0                TIM1_CC_IRQHandler
                0x080003f0                DMA2_Stream5_IRQHandler
                0x080003f0                DMA1_Stream5_IRQHandler
                0x080003f0                PVD_IRQHandler
                0x080003f0                SDIO_IRQHandler
                0x080003f0                TAMP_STAMP_IRQHandler
                0x080003f0                TIM1_UP_TIM10_IRQHandler
                0x080003f0                I2C3_ER_IRQHandler
                0x080003f0                EXTI0_IRQHandler
                0x080003f0                I2C2_EV_IRQHandler
                0x080003f0                DMA1_Stream2_IRQHandler
                0x080003f0                FPU_IRQHandler
                0x080003f0                DMA2_Stream2_IRQHandler
                0x080003f0                SPI1_IRQHandler
                0x080003f0                TIM1_BRK_TIM9_IRQHandler
                0x080003f0                DMA2_Stream3_IRQHandler
                0x080003f0                USART6_IRQHandler
                0x080003f0                DMA2_Stream0_IRQHandler
                0x080003f0                TIM4_IRQHandler
                0x080003f0                I2C1_EV_IRQHandler
                0x080003f0                DMA1_Stream6_IRQHandler
                0x080003f0                DMA1_Stream1_IRQHandler
                0x080003f0                TIM3_IRQHandler
                0x080003f0                RCC_IRQHandler
                0x080003f0                Default_Handler
                0x080003f0                ADC_IRQHandler
                0x080003f0                DMA1_Stream7_IRQHandler
                0x080003f0                TIM5_IRQHandler
                0x080003f0                DMA2_Stream7_IRQHandler
                0x080003f0                I2C3_EV_IRQHandler
                0x080003f0                RTC_WKUP_IRQHandler
                0x080003f0                SPI2_IRQHandler
                0x080003f0                DMA1_Stream0_IRQHandler
                0x080003f0                WWDG_IRQHandler
                0x080003f0                TIM2_IRQHandler
                0x080003f0                OTG_FS_WKUP_IRQHandler
                0x080003f0                TIM1_TRG_COM_TIM11_IRQHandler
                0x080003f0                USART2_IRQHandler
                0x080003f0                I2C2_ER_IRQHandler
                0x080003f0                DMA2_Stream1_IRQHandler
                0x080003f0                FLASH_IRQHandler
                0x080003f0                DMA2_Stream4_IRQHandler
                0x080003f0                USART1_IRQHandler
                0x080003f0                OTG_FS_IRQHandler
                0x080003f0                SPI3_IRQHandler
                0x080003f0                DMA1_Stream4_IRQHandler
                0x080003f0                I2C1_ER_IRQHandler
                0x080003f0                DMA2_Stream6_IRQHandler
                0x080003f0                DMA1_Stream3_IRQHandler

.inits          0x080003f4       0x28
                0x080003f4                __data_regions_array_start = .
                0x080003f4        0x4 LONG 0x8001674 LOADADDR (.data)
                0x080003f8        0x4 LONG 0x20000000 ADDR (.data)
                0x080003fc        0x4 LONG 0x200000fc (ADDR (.data) + SIZEOF (.data))
                0x08000400        0x4 LONG 0x8001674 LOADADDR (.data_CCMRAM)
                0x08000404        0x4 LONG 0x10000000 ADDR (.data_CCMRAM)
                0x08000408        0x4 LONG 0x10000000 (ADDR (.data_CCMRAM) + SIZEOF (.data_CCMRAM))
                0x0800040c                __data_regions_array_end = .
                0x0800040c                __bss_regions_array_start = .
                0x0800040c        0x4 LONG 0x200000fc ADDR (.bss)
                0x08000410        0x4 LONG 0x200001e0 (ADDR (.bss) + SIZEOF (.bss))
                0x08000414        0x4 LONG 0x10000000 ADDR (.bss_CCMRAM)
                0x08000418        0x4 LONG 0x10000000 (ADDR (.bss_CCMRAM) + SIZEOF (.bss_CCMRAM))
                0x0800041c                __bss_regions_array_end = .
 *(.init)
 *(.fini)
                0x0800041c                . = ALIGN (0x4)
                0x0800041c                PROVIDE (__preinit_array_start, .)
 *(.preinit_array_sysinit .preinit_array_sysinit.*)
 *(.preinit_array_platform .preinit_array_platform.*)
 *(.preinit_array .preinit_array.*)
                0x0800041c                PROVIDE (__preinit_array_end, .)
                0x0800041c                . = ALIGN (0x4)
                0x0800041c                PROVIDE (__init_array_start, .)
 *(SORT_BY_NAME(.init_array.*))
 *(.init_array)
                0x0800041c                PROVIDE (__init_array_end, .)
                0x0800041c                . = ALIGN (0x4)
                0x0800041c                PROVIDE (__fini_array_start, .)
 *(SORT_BY_NAME(.fini_array.*))
 *(.fini_array)
                0x0800041c                PROVIDE (__fini_array_end, .)

.flashtext
 *(.flashtext .flashtext.*)

.text           0x08000420     0x1253
 *(.text .text.*)
 .text._exit    0x08000420        0x2 ./system/src/newlib/_exit.o
                0x08000420                _exit
 *fill*         0x08000422        0x2 
 .text._sbrk    0x08000424       0x44 ./system/src/newlib/_sbrk.o
                0x08000424                _sbrk
 .text.__initialize_args
                0x08000468       0x10 ./system/src/newlib/_syscalls.o
                0x08000468                __initialize_args
 .text.trace_printf
                0x08000478       0x30 ./system/src/diag/Trace.o
                0x08000478                trace_printf
 .text._trace_write_semihosting_debug
                0x080004a8       0x60 ./system/src/diag/trace_impl.o
 .text.trace_write
                0x08000508        0x8 ./system/src/diag/trace_impl.o
                0x08000508                trace_write
 .text.__initialize_hardware_early
                0x08000510       0x18 ./system/src/cortexm/_initialize_hardware.o
                0x08000510                __initialize_hardware_early
 .text.dumpExceptionStack
                0x08000528       0xf4 ./system/src/cortexm/exception_handlers.o
                0x08000528                dumpExceptionStack
 .text.isSemihosting
                0x0800061c       0x20 ./system/src/cortexm/exception_handlers.o
                0x0800061c                isSemihosting
 .text.SystemInit
                0x0800063c       0x40 ./system/src/cmsis/system_stm32f4xx.o
                0x0800063c                SystemInit
 .text.SYSTICK_voidInit
                0x0800067c       0x18 ./src/MCAL/SYSTICK/SYSTICK_program.o
                0x0800067c                SYSTICK_voidInit
 .text.SYSTICK_voidSetBusyWait
                0x08000694       0x2c ./src/MCAL/SYSTICK/SYSTICK_program.o
                0x08000694                SYSTICK_voidSetBusyWait
 .text.SysTick_Handler
                0x080006c0       0x30 ./src/MCAL/SYSTICK/SYSTICK_program.o
                0x080006c0                SysTick_Handler
 .text.RCC_voidInit
                0x080006f0       0x48 ./src/MCAL/RCC/RCC_program.o
                0x080006f0                RCC_voidInit
 .text.RCC_u8EnablePeripheralClock
                0x08000738       0x58 ./src/MCAL/RCC/RCC_program.o
                0x08000738                RCC_u8EnablePeripheralClock
 .text.GPIO_voidSetPinMode
                0x08000790       0x7c ./src/MCAL/GPIO/GPIO_program.o
                0x08000790                GPIO_voidSetPinMode
 .text.GPIO_voidSetPinOutputType
                0x0800080c       0x3c ./src/MCAL/GPIO/GPIO_program.o
                0x0800080c                GPIO_voidSetPinOutputType
 .text.GPIO_voidSetPinOutputSpeed
                0x08000848       0x7c ./src/MCAL/GPIO/GPIO_program.o
                0x08000848                GPIO_voidSetPinOutputSpeed
 .text.GPIO_voidSetPinInputPull
                0x080008c4       0x30 ./src/MCAL/GPIO/GPIO_program.o
                0x080008c4                GPIO_voidSetPinInputPull
 .text.GPIO_voidSetPinValue
                0x080008f4       0x94 ./src/MCAL/GPIO/GPIO_program.o
                0x080008f4                GPIO_voidSetPinValue
 .text.GPIO_voidPinInit
                0x08000988       0x2e ./src/MCAL/GPIO/GPIO_program.o
                0x08000988                GPIO_voidPinInit
 *fill*         0x080009b6        0x2 
 .text.EXTI1_IRQHandler
                0x080009b8       0x20 ./src/MCAL/EXTI/EXTI_program.o
                0x080009b8                EXTI1_IRQHandler
 .text.EXTI2_IRQHandler
                0x080009d8       0x20 ./src/MCAL/EXTI/EXTI_program.o
                0x080009d8                EXTI2_IRQHandler
 .text.EXTI3_IRQHandler
                0x080009f8       0x20 ./src/MCAL/EXTI/EXTI_program.o
                0x080009f8                EXTI3_IRQHandler
 .text.EXTI4_IRQHandler
                0x08000a18       0x20 ./src/MCAL/EXTI/EXTI_program.o
                0x08000a18                EXTI4_IRQHandler
 .text.EXTI9_5_IRQHandler
                0x08000a38       0x40 ./src/MCAL/EXTI/EXTI_program.o
                0x08000a38                EXTI9_5_IRQHandler
 .text.EXTI15_10_IRQHandler
                0x08000a78       0x40 ./src/MCAL/EXTI/EXTI_program.o
                0x08000a78                EXTI15_10_IRQHandler
 .text.HLEDMATRIX_voidDisableColumns
                0x08000ab8       0x2c ./src/HAL/HLEDMATRIX/HLEDMATRIX_program.o
 .text.HLEDMATRIX_voidSetRowValue
                0x08000ae4       0x34 ./src/HAL/HLEDMATRIX/HLEDMATRIX_program.o
 .text.HLEDMATRIX_voidInit
                0x08000b18       0x44 ./src/HAL/HLEDMATRIX/HLEDMATRIX_program.o
                0x08000b18                HLEDMATRIX_voidInit
 .text.HLEDMATRIX_voidMovementDisplay
                0x08000b5c       0x84 ./src/HAL/HLEDMATRIX/HLEDMATRIX_program.o
                0x08000b5c                HLEDMATRIX_voidMovementDisplay
 .text.__initialize_hardware
                0x08000be0        0x2 ./src/_initialize_hardware.o
                0x08000be0                __initialize_hardware
 *fill*         0x08000be2        0x2 
 .text.main     0x08000be4       0x28 ./src/main.o
                0x08000be4                main
 .text.__errno  0x08000c0c        0xc e:/islam/careers/embedded/iti/sessions/arm/imt_sdk_win_64/winarm/armgcc/bin/../lib/gcc/arm-none-eabi/7.2.1/../../../../arm-none-eabi/lib/thumb/v7e-m\libg_nano.a(lib_a-errno.o)
                0x08000c0c                __errno
 .text._vsnprintf_r
                0x08000c18       0x58 e:/islam/careers/embedded/iti/sessions/arm/imt_sdk_win_64/winarm/armgcc/bin/../lib/gcc/arm-none-eabi/7.2.1/../../../../arm-none-eabi/lib/thumb/v7e-m\libg_nano.a(lib_a-vsnprintf.o)
                0x08000c18                _vsniprintf_r
                0x08000c18                _vsnprintf_r
 .text.vsnprintf
                0x08000c70       0x1c e:/islam/careers/embedded/iti/sessions/arm/imt_sdk_win_64/winarm/armgcc/bin/../lib/gcc/arm-none-eabi/7.2.1/../../../../arm-none-eabi/lib/thumb/v7e-m\libg_nano.a(lib_a-vsnprintf.o)
                0x08000c70                vsniprintf
                0x08000c70                vsnprintf
 .text.__ssputs_r
                0x08000c8c       0xb4 e:/islam/careers/embedded/iti/sessions/arm/imt_sdk_win_64/winarm/armgcc/bin/../lib/gcc/arm-none-eabi/7.2.1/../../../../arm-none-eabi/lib/thumb/v7e-m\libg_nano.a(lib_a-nano-svfprintf.o)
                0x08000c8c                __ssputs_r
 .text._svfprintf_r
                0x08000d40      0x1ec e:/islam/careers/embedded/iti/sessions/arm/imt_sdk_win_64/winarm/armgcc/bin/../lib/gcc/arm-none-eabi/7.2.1/../../../../arm-none-eabi/lib/thumb/v7e-m\libg_nano.a(lib_a-nano-svfprintf.o)
                0x08000d40                _svfiprintf_r
                0x08000d40                _svfprintf_r
 .text._printf_common
                0x08000f2c       0xea e:/islam/careers/embedded/iti/sessions/arm/imt_sdk_win_64/winarm/armgcc/bin/../lib/gcc/arm-none-eabi/7.2.1/../../../../arm-none-eabi/lib/thumb/v7e-m\libg_nano.a(lib_a-nano-vfprintf_i.o)
                0x08000f2c                _printf_common
 *fill*         0x08001016        0x2 
 .text._printf_i
                0x08001018      0x224 e:/islam/careers/embedded/iti/sessions/arm/imt_sdk_win_64/winarm/armgcc/bin/../lib/gcc/arm-none-eabi/7.2.1/../../../../arm-none-eabi/lib/thumb/v7e-m\libg_nano.a(lib_a-nano-vfprintf_i.o)
                0x08001018                _printf_i
 *fill*         0x0800123c        0x4 
 .text          0x08001240       0xa0 e:/islam/careers/embedded/iti/sessions/arm/imt_sdk_win_64/winarm/armgcc/bin/../lib/gcc/arm-none-eabi/7.2.1/../../../../arm-none-eabi/lib/thumb/v7e-m\libg_nano.a(lib_a-memchr.o)
                0x08001240                memchr
 .text.memcpy   0x080012e0       0x16 e:/islam/careers/embedded/iti/sessions/arm/imt_sdk_win_64/winarm/armgcc/bin/../lib/gcc/arm-none-eabi/7.2.1/../../../../arm-none-eabi/lib/thumb/v7e-m\libg_nano.a(lib_a-memcpy-stub.o)
                0x080012e0                memcpy
 .text.memmove  0x080012f6       0x32 e:/islam/careers/embedded/iti/sessions/arm/imt_sdk_win_64/winarm/armgcc/bin/../lib/gcc/arm-none-eabi/7.2.1/../../../../arm-none-eabi/lib/thumb/v7e-m\libg_nano.a(lib_a-memmove.o)
                0x080012f6                memmove
 .text._free_r  0x08001328       0x9c e:/islam/careers/embedded/iti/sessions/arm/imt_sdk_win_64/winarm/armgcc/bin/../lib/gcc/arm-none-eabi/7.2.1/../../../../arm-none-eabi/lib/thumb/v7e-m\libg_nano.a(lib_a-nano-freer.o)
                0x08001328                _free_r
 .text._malloc_r
                0x080013c4       0xb4 e:/islam/careers/embedded/iti/sessions/arm/imt_sdk_win_64/winarm/armgcc/bin/../lib/gcc/arm-none-eabi/7.2.1/../../../../arm-none-eabi/lib/thumb/v7e-m\libg_nano.a(lib_a-nano-mallocr.o)
                0x080013c4                _malloc_r
 .text._realloc_r
                0x08001478       0x4c e:/islam/careers/embedded/iti/sessions/arm/imt_sdk_win_64/winarm/armgcc/bin/../lib/gcc/arm-none-eabi/7.2.1/../../../../arm-none-eabi/lib/thumb/v7e-m\libg_nano.a(lib_a-nano-reallocr.o)
                0x08001478                _realloc_r
 .text._sbrk_r  0x080014c4       0x20 e:/islam/careers/embedded/iti/sessions/arm/imt_sdk_win_64/winarm/armgcc/bin/../lib/gcc/arm-none-eabi/7.2.1/../../../../arm-none-eabi/lib/thumb/v7e-m\libg_nano.a(lib_a-sbrkr.o)
                0x080014c4                _sbrk_r
 .text.__malloc_lock
                0x080014e4        0x2 e:/islam/careers/embedded/iti/sessions/arm/imt_sdk_win_64/winarm/armgcc/bin/../lib/gcc/arm-none-eabi/7.2.1/../../../../arm-none-eabi/lib/thumb/v7e-m\libg_nano.a(lib_a-mlock.o)
                0x080014e4                __malloc_lock
 .text.__malloc_unlock
                0x080014e6        0x2 e:/islam/careers/embedded/iti/sessions/arm/imt_sdk_win_64/winarm/armgcc/bin/../lib/gcc/arm-none-eabi/7.2.1/../../../../arm-none-eabi/lib/thumb/v7e-m\libg_nano.a(lib_a-mlock.o)
                0x080014e6                __malloc_unlock
 .text._malloc_usable_size_r
                0x080014e8       0x10 e:/islam/careers/embedded/iti/sessions/arm/imt_sdk_win_64/winarm/armgcc/bin/../lib/gcc/arm-none-eabi/7.2.1/../../../../arm-none-eabi/lib/thumb/v7e-m\libg_nano.a(lib_a-nano-msizer.o)
                0x080014e8                _malloc_usable_size_r
 *(.rodata .rodata.* .constdata .constdata.*)
 .rodata.dumpExceptionStack.str1.4
                0x080014f8      0x11a ./system/src/cortexm/exception_handlers.o
 *fill*         0x08001612        0x2 
 .rodata.str1.4
                0x08001614       0x2c ./system/src/cortexm/exception_handlers.o
                                 0x2a (size before relaxing)
 .rodata._svfprintf_r.str1.1
                0x08001640       0x11 e:/islam/careers/embedded/iti/sessions/arm/imt_sdk_win_64/winarm/armgcc/bin/../lib/gcc/arm-none-eabi/7.2.1/../../../../arm-none-eabi/lib/thumb/v7e-m\libg_nano.a(lib_a-nano-svfprintf.o)
 .rodata._printf_i.str1.1
                0x08001651       0x22 e:/islam/careers/embedded/iti/sessions/arm/imt_sdk_win_64/winarm/armgcc/bin/../lib/gcc/arm-none-eabi/7.2.1/../../../../arm-none-eabi/lib/thumb/v7e-m\libg_nano.a(lib_a-nano-vfprintf_i.o)
 *(vtable)
 *(.eh_frame*)
 *(.glue_7)
 .glue_7        0x08001673        0x0 linker stubs
 *(.glue_7t)
 .glue_7t       0x08001673        0x0 linker stubs

.vfp11_veneer   0x08001674        0x0
 .vfp11_veneer  0x08001674        0x0 linker stubs

.v4_bx          0x08001674        0x0
 .v4_bx         0x08001674        0x0 linker stubs

.iplt           0x08001674        0x0
 .iplt          0x08001674        0x0 ./system/src/newlib/_exit.o

.rel.dyn        0x08001674        0x0
 .rel.iplt      0x08001674        0x0 ./system/src/newlib/_exit.o

.ARM.extab
 *(.ARM.extab* .gnu.linkonce.armextab.*)
                0x08001674                . = ALIGN (0x4)
                0x08001674                __exidx_start = .

.ARM.exidx
 *(.ARM.exidx* .gnu.linkonce.armexidx.*)
                0x08001674                __exidx_end = .
                0x08001674                . = ALIGN (0x4)
                0x08001674                _etext = .
                0x08001674                __etext = .

.data_CCMRAM    0x10000000        0x0 load address 0x08001674
 FILL mask 0xff
 *(.data.CCMRAM .data.CCMRAM.*)
                0x10000000                . = ALIGN (0x4)
                0x08001674                _sidata = LOADADDR (.data)

.data           0x20000000       0xfc load address 0x08001674
 FILL mask 0xff
                0x20000000                _sdata = .
                0x20000000                __data_start__ = .
 *(.data_begin .data_begin.*)
 .data_begin    0x20000000        0x4 ./system/src/newlib/_startup.o
 *(.data .data.*)
 .data.argv.4310
                0x20000004        0x8 ./system/src/newlib/_syscalls.o
 .data.COLS     0x2000000c       0x30 ./src/HAL/HLEDMATRIX/HLEDMATRIX_config.o
                0x2000000c                COLS
 .data.ROWS     0x2000003c       0x30 ./src/HAL/HLEDMATRIX/HLEDMATRIX_config.o
                0x2000003c                ROWS
 .data.Islam_ARR
                0x2000006c       0x28 ./src/main.o
                0x2000006c                Islam_ARR
 .data._impure_ptr
                0x20000094        0x4 e:/islam/careers/embedded/iti/sessions/arm/imt_sdk_win_64/winarm/armgcc/bin/../lib/gcc/arm-none-eabi/7.2.1/../../../../arm-none-eabi/lib/thumb/v7e-m\libg_nano.a(lib_a-impure.o)
                0x20000094                _impure_ptr
 .data.impure_data
                0x20000098       0x60 e:/islam/careers/embedded/iti/sessions/arm/imt_sdk_win_64/winarm/armgcc/bin/../lib/gcc/arm-none-eabi/7.2.1/../../../../arm-none-eabi/lib/thumb/v7e-m\libg_nano.a(lib_a-impure.o)
 *(.data_end .data_end.*)
 .data_end      0x200000f8        0x4 ./system/src/newlib/_startup.o
                0x200000fc                . = ALIGN (0x4)
                0x200000fc                _edata = .
                0x200000fc                __data_end__ = .

.igot.plt       0x200000fc        0x0 load address 0x08001770
 .igot.plt      0x200000fc        0x0 ./system/src/newlib/_exit.o

.bss_CCMRAM     0x10000000        0x0
 *(.bss.CCMRAM .bss.CCMRAM.*)

.bss            0x200000fc       0xe4
                0x200000fc                __bss_start__ = .
                0x200000fc                _sbss = .
 *(.bss_begin .bss_begin.*)
 .bss_begin     0x200000fc        0x4 ./system/src/newlib/_startup.o
 *(.bss .bss.*)
 .bss.current_heap_end.3961
                0x20000100        0x4 ./system/src/newlib/_sbrk.o
 .bss.name.4309
                0x20000104        0x1 ./system/src/newlib/_syscalls.o
 *fill*         0x20000105        0x3 
 .bss.buf.5205  0x20000108       0x80 ./system/src/diag/Trace.o
 .bss.GS_STK_Callback
                0x20000188        0x4 ./src/MCAL/SYSTICK/SYSTICK_program.o
 .bss.G_u8SingleFlag
                0x2000018c        0x1 ./src/MCAL/SYSTICK/SYSTICK_program.o
 *fill*         0x2000018d        0x3 
 .bss.PF_Notification
                0x20000190       0x40 ./src/MCAL/EXTI/EXTI_program.o
 .bss.__malloc_free_list
                0x200001d0        0x4 e:/islam/careers/embedded/iti/sessions/arm/imt_sdk_win_64/winarm/armgcc/bin/../lib/gcc/arm-none-eabi/7.2.1/../../../../arm-none-eabi/lib/thumb/v7e-m\libg_nano.a(lib_a-nano-mallocr.o)
                0x200001d0                __malloc_free_list
 .bss.__malloc_sbrk_start
                0x200001d4        0x4 e:/islam/careers/embedded/iti/sessions/arm/imt_sdk_win_64/winarm/armgcc/bin/../lib/gcc/arm-none-eabi/7.2.1/../../../../arm-none-eabi/lib/thumb/v7e-m\libg_nano.a(lib_a-nano-mallocr.o)
                0x200001d4                __malloc_sbrk_start
 *(COMMON)
 COMMON         0x200001d8        0x4 ./system/src/newlib/_syscalls.o
                0x200001d8                errno
 *(.bss_end .bss_end.*)
 .bss_end       0x200001dc        0x4 ./system/src/newlib/_startup.o
                0x200001e0                . = ALIGN (0x4)
                0x200001e0                __bss_end__ = .
                0x200001e0                _ebss = .

.noinit_CCMRAM
 *(.noinit.CCMRAM .noinit.CCMRAM.*)

.noinit         0x200001e0        0x0
                0x200001e0                _noinit = .
 *(.noinit .noinit.*)
                0x200001e0                . = ALIGN (0x4)
                0x200001e0                _end_noinit = .
                [!provide]                PROVIDE (end, _end_noinit)
                [!provide]                PROVIDE (_end, _end_noinit)
                [!provide]                PROVIDE (__end, _end_noinit)
                [!provide]                PROVIDE (__end__, _end_noinit)

._check_stack   0x200001e0      0x100
                0x200002e0                . = (. + _Minimum_Stack_Size)
 *fill*         0x200001e0      0x100 

.b1text
 *(.b1text)
 *(.b1rodata)
 *(.b1rodata.*)

.eb0text
 *(.eb0text)
 *(.eb0rodata)
 *(.eb0rodata.*)

.eb1text
 *(.eb1text)
 *(.eb1rodata)
 *(.eb1rodata.*)

.eb2text
 *(.eb2text)
 *(.eb2rodata)
 *(.eb2rodata.*)

.eb3text
 *(.eb3text)
 *(.eb3rodata)
 *(.eb3rodata.*)

.stab
 *(.stab)

.stabstr
 *(.stabstr)

.stab.excl
 *(.stab.excl)

.stab.exclstr
 *(.stab.exclstr)

.stab.index
 *(.stab.index)

.stab.indexstr
 *(.stab.indexstr)

.comment        0x00000000       0x7e
 *(.comment)
 .comment       0x00000000       0x7e ./system/src/newlib/_exit.o
                                 0x7f (size before relaxing)
 .comment       0x0000007e       0x7f ./system/src/newlib/_sbrk.o
 .comment       0x0000007e       0x7f ./system/src/newlib/_startup.o
 .comment       0x0000007e       0x7f ./system/src/newlib/_syscalls.o
 .comment       0x0000007e       0x7f ./system/src/diag/Trace.o
 .comment       0x0000007e       0x7f ./system/src/diag/trace_impl.o
 .comment       0x0000007e       0x7f ./system/src/cortexm/_initialize_hardware.o
 .comment       0x0000007e       0x7f ./system/src/cortexm/exception_handlers.o
 .comment       0x0000007e       0x7f ./system/src/cmsis/system_stm32f4xx.o
 .comment       0x0000007e       0x7f ./system/src/cmsis/vectors_stm32f401xc.o
 .comment       0x0000007e       0x7f ./src/MCAL/SYSTICK/SYSTICK_program.o
 .comment       0x0000007e       0x7f ./src/MCAL/RCC/RCC_program.o
 .comment       0x0000007e       0x7f ./src/MCAL/GPIO/GPIO_program.o
 .comment       0x0000007e       0x7f ./src/MCAL/EXTI/EXTI_program.o
 .comment       0x0000007e       0x7f ./src/HAL/HLEDMATRIX/HLEDMATRIX_config.o
 .comment       0x0000007e       0x7f ./src/HAL/HLEDMATRIX/HLEDMATRIX_program.o
 .comment       0x0000007e       0x7f ./src/_initialize_hardware.o
 .comment       0x0000007e       0x7f ./src/main.o

.ARM.attributes
                0x00000000       0x31
 .ARM.attributes
                0x00000000       0x33 ./system/src/newlib/_exit.o
 .ARM.attributes
                0x00000033       0x33 ./system/src/newlib/_sbrk.o
 .ARM.attributes
                0x00000066       0x33 ./system/src/newlib/_startup.o
 .ARM.attributes
                0x00000099       0x33 ./system/src/newlib/_syscalls.o
 .ARM.attributes
                0x000000cc       0x33 ./system/src/diag/Trace.o
 .ARM.attributes
                0x000000ff       0x33 ./system/src/diag/trace_impl.o
 .ARM.attributes
                0x00000132       0x33 ./system/src/cortexm/_initialize_hardware.o
 .ARM.attributes
                0x00000165       0x33 ./system/src/cortexm/exception_handlers.o
 .ARM.attributes
                0x00000198       0x33 ./system/src/cmsis/system_stm32f4xx.o
 .ARM.attributes
                0x000001cb       0x33 ./system/src/cmsis/vectors_stm32f401xc.o
 .ARM.attributes
                0x000001fe       0x33 ./src/MCAL/SYSTICK/SYSTICK_program.o
 .ARM.attributes
                0x00000231       0x33 ./src/MCAL/RCC/RCC_program.o
 .ARM.attributes
                0x00000264       0x33 ./src/MCAL/GPIO/GPIO_program.o
 .ARM.attributes
                0x00000297       0x33 ./src/MCAL/EXTI/EXTI_program.o
 .ARM.attributes
                0x000002ca       0x33 ./src/HAL/HLEDMATRIX/HLEDMATRIX_config.o
 .ARM.attributes
                0x000002fd       0x33 ./src/HAL/HLEDMATRIX/HLEDMATRIX_program.o
 .ARM.attributes
                0x00000330       0x33 ./src/_initialize_hardware.o
 .ARM.attributes
                0x00000363       0x33 ./src/main.o
 .ARM.attributes
                0x00000396       0x2e e:/islam/careers/embedded/iti/sessions/arm/imt_sdk_win_64/winarm/armgcc/bin/../lib/gcc/arm-none-eabi/7.2.1/../../../../arm-none-eabi/lib/thumb/v7e-m\libg_nano.a(lib_a-errno.o)
 .ARM.attributes
                0x000003c4       0x2e e:/islam/careers/embedded/iti/sessions/arm/imt_sdk_win_64/winarm/armgcc/bin/../lib/gcc/arm-none-eabi/7.2.1/../../../../arm-none-eabi/lib/thumb/v7e-m\libg_nano.a(lib_a-impure.o)
 .ARM.attributes
                0x000003f2       0x2e e:/islam/careers/embedded/iti/sessions/arm/imt_sdk_win_64/winarm/armgcc/bin/../lib/gcc/arm-none-eabi/7.2.1/../../../../arm-none-eabi/lib/thumb/v7e-m\libg_nano.a(lib_a-vsnprintf.o)
 .ARM.attributes
                0x00000420       0x2e e:/islam/careers/embedded/iti/sessions/arm/imt_sdk_win_64/winarm/armgcc/bin/../lib/gcc/arm-none-eabi/7.2.1/../../../../arm-none-eabi/lib/thumb/v7e-m\libg_nano.a(lib_a-nano-svfprintf.o)
 .ARM.attributes
                0x0000044e       0x2e e:/islam/careers/embedded/iti/sessions/arm/imt_sdk_win_64/winarm/armgcc/bin/../lib/gcc/arm-none-eabi/7.2.1/../../../../arm-none-eabi/lib/thumb/v7e-m\libg_nano.a(lib_a-nano-vfprintf_i.o)
 .ARM.attributes
                0x0000047c       0x1c e:/islam/careers/embedded/iti/sessions/arm/imt_sdk_win_64/winarm/armgcc/bin/../lib/gcc/arm-none-eabi/7.2.1/../../../../arm-none-eabi/lib/thumb/v7e-m\libg_nano.a(lib_a-memchr.o)
 .ARM.attributes
                0x00000498       0x2e e:/islam/careers/embedded/iti/sessions/arm/imt_sdk_win_64/winarm/armgcc/bin/../lib/gcc/arm-none-eabi/7.2.1/../../../../arm-none-eabi/lib/thumb/v7e-m\libg_nano.a(lib_a-memcpy-stub.o)
 .ARM.attributes
                0x000004c6       0x2e e:/islam/careers/embedded/iti/sessions/arm/imt_sdk_win_64/winarm/armgcc/bin/../lib/gcc/arm-none-eabi/7.2.1/../../../../arm-none-eabi/lib/thumb/v7e-m\libg_nano.a(lib_a-memmove.o)
 .ARM.attributes
                0x000004f4       0x2e e:/islam/careers/embedded/iti/sessions/arm/imt_sdk_win_64/winarm/armgcc/bin/../lib/gcc/arm-none-eabi/7.2.1/../../../../arm-none-eabi/lib/thumb/v7e-m\libg_nano.a(lib_a-nano-freer.o)
 .ARM.attributes
                0x00000522       0x2e e:/islam/careers/embedded/iti/sessions/arm/imt_sdk_win_64/winarm/armgcc/bin/../lib/gcc/arm-none-eabi/7.2.1/../../../../arm-none-eabi/lib/thumb/v7e-m\libg_nano.a(lib_a-nano-mallocr.o)
 .ARM.attributes
                0x00000550       0x2e e:/islam/careers/embedded/iti/sessions/arm/imt_sdk_win_64/winarm/armgcc/bin/../lib/gcc/arm-none-eabi/7.2.1/../../../../arm-none-eabi/lib/thumb/v7e-m\libg_nano.a(lib_a-nano-reallocr.o)
 .ARM.attributes
                0x0000057e       0x2e e:/islam/careers/embedded/iti/sessions/arm/imt_sdk_win_64/winarm/armgcc/bin/../lib/gcc/arm-none-eabi/7.2.1/../../../../arm-none-eabi/lib/thumb/v7e-m\libg_nano.a(lib_a-sbrkr.o)
 .ARM.attributes
                0x000005ac       0x2e e:/islam/careers/embedded/iti/sessions/arm/imt_sdk_win_64/winarm/armgcc/bin/../lib/gcc/arm-none-eabi/7.2.1/../../../../arm-none-eabi/lib/thumb/v7e-m\libg_nano.a(lib_a-mlock.o)
 .ARM.attributes
                0x000005da       0x2e e:/islam/careers/embedded/iti/sessions/arm/imt_sdk_win_64/winarm/armgcc/bin/../lib/gcc/arm-none-eabi/7.2.1/../../../../arm-none-eabi/lib/thumb/v7e-m\libg_nano.a(lib_a-nano-msizer.o)

.debug
 *(.debug)

.line
 *(.line)

.debug_srcinfo
 *(.debug_srcinfo)

.debug_sfnames
 *(.debug_sfnames)

.debug_aranges  0x00000000      0x460
 *(.debug_aranges)
 .debug_aranges
                0x00000000       0x28 ./system/src/newlib/_exit.o
 .debug_aranges
                0x00000028       0x20 ./system/src/newlib/_sbrk.o
 .debug_aranges
                0x00000048       0x40 ./system/src/newlib/_startup.o
 .debug_aranges
                0x00000088       0x30 ./system/src/newlib/_syscalls.o
 .debug_aranges
                0x000000b8       0x38 ./system/src/diag/Trace.o
 .debug_aranges
                0x000000f0       0x30 ./system/src/diag/trace_impl.o
 .debug_aranges
                0x00000120       0x28 ./system/src/cortexm/_initialize_hardware.o
 .debug_aranges
                0x00000148       0x90 ./system/src/cortexm/exception_handlers.o
 .debug_aranges
                0x000001d8       0x28 ./system/src/cmsis/system_stm32f4xx.o
 .debug_aranges
                0x00000200       0x20 ./system/src/cmsis/vectors_stm32f401xc.o
 .debug_aranges
                0x00000220       0x60 ./src/MCAL/SYSTICK/SYSTICK_program.o
 .debug_aranges
                0x00000280       0x30 ./src/MCAL/RCC/RCC_program.o
 .debug_aranges
                0x000002b0       0x68 ./src/MCAL/GPIO/GPIO_program.o
 .debug_aranges
                0x00000318       0x90 ./src/MCAL/EXTI/EXTI_program.o
 .debug_aranges
                0x000003a8       0x18 ./src/HAL/HLEDMATRIX/HLEDMATRIX_config.o
 .debug_aranges
                0x000003c0       0x58 ./src/HAL/HLEDMATRIX/HLEDMATRIX_program.o
 .debug_aranges
                0x00000418       0x28 ./src/_initialize_hardware.o
 .debug_aranges
                0x00000440       0x20 ./src/main.o

.debug_pubnames
 *(.debug_pubnames)

.debug_info     0x00000000     0x827a
 *(.debug_info .gnu.linkonce.wi.*)
 .debug_info    0x00000000      0x956 ./system/src/newlib/_exit.o
 .debug_info    0x00000956      0x942 ./system/src/newlib/_sbrk.o
 .debug_info    0x00001298      0x4bf ./system/src/newlib/_startup.o
 .debug_info    0x00001757      0xa19 ./system/src/newlib/_syscalls.o
 .debug_info    0x00002170      0xb2a ./system/src/diag/Trace.o
 .debug_info    0x00002c9a      0xb6b ./system/src/diag/trace_impl.o
 .debug_info    0x00003805      0xade ./system/src/cortexm/_initialize_hardware.o
 .debug_info    0x000042e3     0x115a ./system/src/cortexm/exception_handlers.o
 .debug_info    0x0000543d      0xcfe ./system/src/cmsis/system_stm32f4xx.o
 .debug_info    0x0000613b       0xca ./system/src/cmsis/vectors_stm32f401xc.o
 .debug_info    0x00006205      0x1f7 ./src/MCAL/SYSTICK/SYSTICK_program.o
 .debug_info    0x000063fc      0x262 ./src/MCAL/RCC/RCC_program.o
 .debug_info    0x0000665e      0x406 ./src/MCAL/GPIO/GPIO_program.o
 .debug_info    0x00006a64      0x38c ./src/MCAL/EXTI/EXTI_program.o
 .debug_info    0x00006df0      0x107 ./src/HAL/HLEDMATRIX/HLEDMATRIX_config.o
 .debug_info    0x00006ef7      0x546 ./src/HAL/HLEDMATRIX/HLEDMATRIX_program.o
 .debug_info    0x0000743d      0xcfe ./src/_initialize_hardware.o
 .debug_info    0x0000813b      0x13f ./src/main.o

.debug_abbrev   0x00000000     0x1e67
 *(.debug_abbrev)
 .debug_abbrev  0x00000000      0x1f3 ./system/src/newlib/_exit.o
 .debug_abbrev  0x000001f3      0x1fc ./system/src/newlib/_sbrk.o
 .debug_abbrev  0x000003ef      0x1cb ./system/src/newlib/_startup.o
 .debug_abbrev  0x000005ba      0x234 ./system/src/newlib/_syscalls.o
 .debug_abbrev  0x000007ee      0x276 ./system/src/diag/Trace.o
 .debug_abbrev  0x00000a64      0x2ef ./system/src/diag/trace_impl.o
 .debug_abbrev  0x00000d53      0x1de ./system/src/cortexm/_initialize_hardware.o
 .debug_abbrev  0x00000f31      0x32b ./system/src/cortexm/exception_handlers.o
 .debug_abbrev  0x0000125c      0x216 ./system/src/cmsis/system_stm32f4xx.o
 .debug_abbrev  0x00001472       0x9d ./system/src/cmsis/vectors_stm32f401xc.o
 .debug_abbrev  0x0000150f      0x108 ./src/MCAL/SYSTICK/SYSTICK_program.o
 .debug_abbrev  0x00001617       0xdc ./src/MCAL/RCC/RCC_program.o
 .debug_abbrev  0x000016f3      0x135 ./src/MCAL/GPIO/GPIO_program.o
 .debug_abbrev  0x00001828      0x148 ./src/MCAL/EXTI/EXTI_program.o
 .debug_abbrev  0x00001970       0x86 ./src/HAL/HLEDMATRIX/HLEDMATRIX_config.o
 .debug_abbrev  0x000019f6      0x193 ./src/HAL/HLEDMATRIX/HLEDMATRIX_program.o
 .debug_abbrev  0x00001b89      0x234 ./src/_initialize_hardware.o
 .debug_abbrev  0x00001dbd       0xaa ./src/main.o

.debug_line     0x00000000     0x5642
 *(.debug_line)
 .debug_line    0x00000000      0x397 ./system/src/newlib/_exit.o
 .debug_line    0x00000397      0x34b ./system/src/newlib/_sbrk.o
 .debug_line    0x000006e2      0x413 ./system/src/newlib/_startup.o
 .debug_line    0x00000af5      0x473 ./system/src/newlib/_syscalls.o
 .debug_line    0x00000f68      0x413 ./system/src/diag/Trace.o
 .debug_line    0x0000137b      0xb07 ./system/src/diag/trace_impl.o
 .debug_line    0x00001e82      0xa70 ./system/src/cortexm/_initialize_hardware.o
 .debug_line    0x000028f2      0xbbe ./system/src/cortexm/exception_handlers.o
 .debug_line    0x000034b0      0xa76 ./system/src/cmsis/system_stm32f4xx.o
 .debug_line    0x00003f26      0x114 ./system/src/cmsis/vectors_stm32f401xc.o
 .debug_line    0x0000403a      0x178 ./src/MCAL/SYSTICK/SYSTICK_program.o
 .debug_line    0x000041b2      0x121 ./src/MCAL/RCC/RCC_program.o
 .debug_line    0x000042d3      0x20c ./src/MCAL/GPIO/GPIO_program.o
 .debug_line    0x000044df      0x248 ./src/MCAL/EXTI/EXTI_program.o
 .debug_line    0x00004727       0xca ./src/HAL/HLEDMATRIX/HLEDMATRIX_config.o
 .debug_line    0x000047f1      0x303 ./src/HAL/HLEDMATRIX/HLEDMATRIX_program.o
 .debug_line    0x00004af4      0xa66 ./src/_initialize_hardware.o
 .debug_line    0x0000555a       0xe8 ./src/main.o

.debug_frame    0x00000000      0xba0
 *(.debug_frame)
 .debug_frame   0x00000000       0x38 ./system/src/newlib/_exit.o
 .debug_frame   0x00000038       0x28 ./system/src/newlib/_sbrk.o
 .debug_frame   0x00000060       0x7c ./system/src/newlib/_startup.o
 .debug_frame   0x000000dc       0x50 ./system/src/newlib/_syscalls.o
 .debug_frame   0x0000012c       0x94 ./system/src/diag/Trace.o
 .debug_frame   0x000001c0       0x64 ./system/src/diag/trace_impl.o
 .debug_frame   0x00000224       0x40 ./system/src/cortexm/_initialize_hardware.o
 .debug_frame   0x00000264      0x158 ./system/src/cortexm/exception_handlers.o
 .debug_frame   0x000003bc       0x30 ./system/src/cmsis/system_stm32f4xx.o
 .debug_frame   0x000003ec       0x20 ./system/src/cmsis/vectors_stm32f401xc.o
 .debug_frame   0x0000040c       0xa8 ./src/MCAL/SYSTICK/SYSTICK_program.o
 .debug_frame   0x000004b4       0x58 ./src/MCAL/RCC/RCC_program.o
 .debug_frame   0x0000050c       0xf8 ./src/MCAL/GPIO/GPIO_program.o
 .debug_frame   0x00000604      0x164 ./src/MCAL/EXTI/EXTI_program.o
 .debug_frame   0x00000768      0x104 ./src/HAL/HLEDMATRIX/HLEDMATRIX_program.o
 .debug_frame   0x0000086c       0x44 ./src/_initialize_hardware.o
 .debug_frame   0x000008b0       0x28 ./src/main.o
 .debug_frame   0x000008d8       0x20 e:/islam/careers/embedded/iti/sessions/arm/imt_sdk_win_64/winarm/armgcc/bin/../lib/gcc/arm-none-eabi/7.2.1/../../../../arm-none-eabi/lib/thumb/v7e-m\libg_nano.a(lib_a-errno.o)
 .debug_frame   0x000008f8       0x4c e:/islam/careers/embedded/iti/sessions/arm/imt_sdk_win_64/winarm/armgcc/bin/../lib/gcc/arm-none-eabi/7.2.1/../../../../arm-none-eabi/lib/thumb/v7e-m\libg_nano.a(lib_a-vsnprintf.o)
 .debug_frame   0x00000944       0x90 e:/islam/careers/embedded/iti/sessions/arm/imt_sdk_win_64/winarm/armgcc/bin/../lib/gcc/arm-none-eabi/7.2.1/../../../../arm-none-eabi/lib/thumb/v7e-m\libg_nano.a(lib_a-nano-svfprintf.o)
 .debug_frame   0x000009d4       0x60 e:/islam/careers/embedded/iti/sessions/arm/imt_sdk_win_64/winarm/armgcc/bin/../lib/gcc/arm-none-eabi/7.2.1/../../../../arm-none-eabi/lib/thumb/v7e-m\libg_nano.a(lib_a-nano-vfprintf_i.o)
 .debug_frame   0x00000a34       0x28 e:/islam/careers/embedded/iti/sessions/arm/imt_sdk_win_64/winarm/armgcc/bin/../lib/gcc/arm-none-eabi/7.2.1/../../../../arm-none-eabi/lib/thumb/v7e-m\libg_nano.a(lib_a-memcpy-stub.o)
 .debug_frame   0x00000a5c       0x28 e:/islam/careers/embedded/iti/sessions/arm/imt_sdk_win_64/winarm/armgcc/bin/../lib/gcc/arm-none-eabi/7.2.1/../../../../arm-none-eabi/lib/thumb/v7e-m\libg_nano.a(lib_a-memmove.o)
 .debug_frame   0x00000a84       0x38 e:/islam/careers/embedded/iti/sessions/arm/imt_sdk_win_64/winarm/armgcc/bin/../lib/gcc/arm-none-eabi/7.2.1/../../../../arm-none-eabi/lib/thumb/v7e-m\libg_nano.a(lib_a-nano-freer.o)
 .debug_frame   0x00000abc       0x2c e:/islam/careers/embedded/iti/sessions/arm/imt_sdk_win_64/winarm/armgcc/bin/../lib/gcc/arm-none-eabi/7.2.1/../../../../arm-none-eabi/lib/thumb/v7e-m\libg_nano.a(lib_a-nano-mallocr.o)
 .debug_frame   0x00000ae8       0x3c e:/islam/careers/embedded/iti/sessions/arm/imt_sdk_win_64/winarm/armgcc/bin/../lib/gcc/arm-none-eabi/7.2.1/../../../../arm-none-eabi/lib/thumb/v7e-m\libg_nano.a(lib_a-nano-reallocr.o)
 .debug_frame   0x00000b24       0x2c e:/islam/careers/embedded/iti/sessions/arm/imt_sdk_win_64/winarm/armgcc/bin/../lib/gcc/arm-none-eabi/7.2.1/../../../../arm-none-eabi/lib/thumb/v7e-m\libg_nano.a(lib_a-sbrkr.o)
 .debug_frame   0x00000b50       0x30 e:/islam/careers/embedded/iti/sessions/arm/imt_sdk_win_64/winarm/armgcc/bin/../lib/gcc/arm-none-eabi/7.2.1/../../../../arm-none-eabi/lib/thumb/v7e-m\libg_nano.a(lib_a-mlock.o)
 .debug_frame   0x00000b80       0x20 e:/islam/careers/embedded/iti/sessions/arm/imt_sdk_win_64/winarm/armgcc/bin/../lib/gcc/arm-none-eabi/7.2.1/../../../../arm-none-eabi/lib/thumb/v7e-m\libg_nano.a(lib_a-nano-msizer.o)

.debug_str      0x00000000    0x74445
 *(.debug_str)
 .debug_str     0x00000000     0x7d41 ./system/src/newlib/_exit.o
                               0x7f1a (size before relaxing)
 .debug_str     0x00007d41      0x4f5 ./system/src/newlib/_sbrk.o
                               0x72cc (size before relaxing)
 .debug_str     0x00008236      0xc23 ./system/src/newlib/_startup.o
                               0x6a6d (size before relaxing)
 .debug_str     0x00008e59      0xe8b ./system/src/newlib/_syscalls.o
                               0x81a7 (size before relaxing)
 .debug_str     0x00009ce4      0x826 ./system/src/diag/Trace.o
                               0x8692 (size before relaxing)
 .debug_str     0x0000a50a    0x67a2e ./system/src/diag/trace_impl.o
                              0x709b8 (size before relaxing)
 .debug_str     0x00071f38       0xc4 ./system/src/cortexm/_initialize_hardware.o
                              0x6f74a (size before relaxing)
 .debug_str     0x00071ffc      0x1a6 ./system/src/cortexm/exception_handlers.o
                              0x70b42 (size before relaxing)
 .debug_str     0x000721a2      0x164 ./system/src/cmsis/system_stm32f4xx.o
                              0x6f82b (size before relaxing)
 .debug_str     0x00072306       0x59 ./system/src/cmsis/vectors_stm32f401xc.o
                               0x38aa (size before relaxing)
 .debug_str     0x0007235f      0x4fb ./src/MCAL/SYSTICK/SYSTICK_program.o
                               0x32f5 (size before relaxing)
 .debug_str     0x0007285a      0x42c ./src/MCAL/RCC/RCC_program.o
                               0x350d (size before relaxing)
 .debug_str     0x00072c86      0xc84 ./src/MCAL/GPIO/GPIO_program.o
                               0x3cc7 (size before relaxing)
 .debug_str     0x0007390a      0x7a2 ./src/MCAL/EXTI/EXTI_program.o
                               0x37da (size before relaxing)
 .debug_str     0x000740ac       0x75 ./src/HAL/HLEDMATRIX/HLEDMATRIX_config.o
                               0x314c (size before relaxing)
 .debug_str     0x00074121      0x165 ./src/HAL/HLEDMATRIX/HLEDMATRIX_program.o
                               0x3521 (size before relaxing)
 .debug_str     0x00074286      0x19a ./src/_initialize_hardware.o
                              0x6f922 (size before relaxing)
 .debug_str     0x00074420       0x25 ./src/main.o
                               0x35a9 (size before relaxing)

.debug_loc      0x00000000     0x198d
 *(.debug_loc)
 .debug_loc     0x00000000       0x85 ./system/src/newlib/_sbrk.o
 .debug_loc     0x00000085      0x2cb ./system/src/newlib/_startup.o
 .debug_loc     0x00000350       0x63 ./system/src/newlib/_syscalls.o
 .debug_loc     0x000003b3       0xf6 ./system/src/diag/Trace.o
 .debug_loc     0x000004a9      0x121 ./system/src/diag/trace_impl.o
 .debug_loc     0x000005ca      0x291 ./system/src/cortexm/exception_handlers.o
 .debug_loc     0x0000085b      0x13e ./system/src/cmsis/system_stm32f4xx.o
 .debug_loc     0x00000999       0x30 ./src/MCAL/SYSTICK/SYSTICK_program.o
 .debug_loc     0x000009c9      0x24a ./src/MCAL/RCC/RCC_program.o
 .debug_loc     0x00000c13      0x7c3 ./src/MCAL/GPIO/GPIO_program.o
 .debug_loc     0x000013d6      0x213 ./src/MCAL/EXTI/EXTI_program.o
 .debug_loc     0x000015e9      0x3a4 ./src/HAL/HLEDMATRIX/HLEDMATRIX_program.o

.debug_macinfo
 *(.debug_macinfo)

.debug_weaknames
 *(.debug_weaknames)

.debug_funcnames
 *(.debug_funcnames)

.debug_typenames
 *(.debug_typenames)

.debug_varnames
 *(.debug_varnames)
OUTPUT(STM32_LedMatrix_MovementName.elf elf32-littlearm)

.debug_ranges   0x00000000      0x440
 .debug_ranges  0x00000000       0x18 ./system/src/newlib/_exit.o
 .debug_ranges  0x00000018       0x10 ./system/src/newlib/_sbrk.o
 .debug_ranges  0x00000028       0x90 ./system/src/newlib/_startup.o
 .debug_ranges  0x000000b8       0x20 ./system/src/newlib/_syscalls.o
 .debug_ranges  0x000000d8       0x28 ./system/src/diag/Trace.o
 .debug_ranges  0x00000100       0x50 ./system/src/diag/trace_impl.o
 .debug_ranges  0x00000150       0x18 ./system/src/cortexm/_initialize_hardware.o
 .debug_ranges  0x00000168       0x80 ./system/src/cortexm/exception_handlers.o
 .debug_ranges  0x000001e8       0x18 ./system/src/cmsis/system_stm32f4xx.o
 .debug_ranges  0x00000200       0x10 ./system/src/cmsis/vectors_stm32f401xc.o
 .debug_ranges  0x00000210       0x50 ./src/MCAL/SYSTICK/SYSTICK_program.o
 .debug_ranges  0x00000260       0x20 ./src/MCAL/RCC/RCC_program.o
 .debug_ranges  0x00000280       0x58 ./src/MCAL/GPIO/GPIO_program.o
 .debug_ranges  0x000002d8       0x80 ./src/MCAL/EXTI/EXTI_program.o
 .debug_ranges  0x00000358       0xc0 ./src/HAL/HLEDMATRIX/HLEDMATRIX_program.o
 .debug_ranges  0x00000418       0x18 ./src/_initialize_hardware.o
 .debug_ranges  0x00000430       0x10 ./src/main.o

.debug_macro    0x00000000     0x3f4e
 .debug_macro   0x00000000      0x1b4 ./system/src/newlib/_exit.o
 .debug_macro   0x000001b4      0x10e ./system/src/newlib/_exit.o
 .debug_macro   0x000002c2       0x8d ./system/src/newlib/_exit.o
 .debug_macro   0x0000034f       0x35 ./system/src/newlib/_exit.o
 .debug_macro   0x00000384      0x169 ./system/src/newlib/_sbrk.o
 .debug_macro   0x000004ed      0x174 ./system/src/newlib/_sbrk.o
 .debug_macro   0x00000661       0x10 ./system/src/newlib/_sbrk.o
 .debug_macro   0x00000671      0x23b ./system/src/newlib/_sbrk.o
 .debug_macro   0x000008ac      0x173 ./system/src/newlib/_startup.o
 .debug_macro   0x00000a1f      0xa72 ./system/src/newlib/_startup.o
 .debug_macro   0x00001491      0x217 ./system/src/newlib/_syscalls.o
 .debug_macro   0x000016a8       0x1c ./system/src/newlib/_syscalls.o
 .debug_macro   0x000016c4       0x10 ./system/src/newlib/_syscalls.o
 .debug_macro   0x000016d4       0x10 ./system/src/newlib/_syscalls.o
 .debug_macro   0x000016e4       0x10 ./system/src/newlib/_syscalls.o
 .debug_macro   0x000016f4       0x35 ./system/src/newlib/_syscalls.o
 .debug_macro   0x00001729      0x122 ./system/src/newlib/_syscalls.o
 .debug_macro   0x0000184b       0x88 ./system/src/newlib/_syscalls.o
 .debug_macro   0x000018d3       0x2b ./system/src/newlib/_syscalls.o
 .debug_macro   0x000018fe      0x118 ./system/src/newlib/_syscalls.o
 .debug_macro   0x00001a16      0x189 ./system/src/newlib/_syscalls.o
 .debug_macro   0x00001b9f       0x16 ./system/src/newlib/_syscalls.o
 .debug_macro   0x00001bb5      0x1fb ./system/src/diag/Trace.o
 .debug_macro   0x00001db0       0x4c ./system/src/diag/Trace.o
 .debug_macro   0x00001dfc       0x16 ./system/src/diag/Trace.o
 .debug_macro   0x00001e12      0x52a ./system/src/diag/trace_impl.o
 .debug_macro   0x0000233c       0x22 ./system/src/diag/trace_impl.o
 .debug_macro   0x0000235e      0x4ee ./system/src/cortexm/_initialize_hardware.o
 .debug_macro   0x0000284c      0x557 ./system/src/cortexm/exception_handlers.o
 .debug_macro   0x00002da3       0x3b ./system/src/cortexm/exception_handlers.o
 .debug_macro   0x00002dde      0x4ea ./system/src/cmsis/system_stm32f4xx.o
 .debug_macro   0x000032c8       0x34 ./system/src/cmsis/vectors_stm32f401xc.o
 .debug_macro   0x000032fc       0x40 ./src/MCAL/SYSTICK/SYSTICK_program.o
 .debug_macro   0x0000333c       0x58 ./src/MCAL/SYSTICK/SYSTICK_program.o
 .debug_macro   0x00003394       0x46 ./src/MCAL/SYSTICK/SYSTICK_program.o
 .debug_macro   0x000033da       0x16 ./src/MCAL/SYSTICK/SYSTICK_program.o
 .debug_macro   0x000033f0       0x3f ./src/MCAL/RCC/RCC_program.o
 .debug_macro   0x0000342f       0x22 ./src/MCAL/RCC/RCC_program.o
 .debug_macro   0x00003451       0xd0 ./src/MCAL/RCC/RCC_program.o
 .debug_macro   0x00003521       0x5e ./src/MCAL/RCC/RCC_program.o
 .debug_macro   0x0000357f       0x3f ./src/MCAL/GPIO/GPIO_program.o
 .debug_macro   0x000035be       0xe8 ./src/MCAL/GPIO/GPIO_program.o
 .debug_macro   0x000036a6       0x1c ./src/MCAL/GPIO/GPIO_program.o
 .debug_macro   0x000036c2       0xfa ./src/MCAL/GPIO/GPIO_program.o
 .debug_macro   0x000037bc       0x3f ./src/MCAL/EXTI/EXTI_program.o
 .debug_macro   0x000037fb       0x9a ./src/MCAL/EXTI/EXTI_program.o
 .debug_macro   0x00003895       0x22 ./src/MCAL/EXTI/EXTI_program.o
 .debug_macro   0x000038b7       0xd6 ./src/MCAL/EXTI/EXTI_program.o
 .debug_macro   0x0000398d       0x2d ./src/HAL/HLEDMATRIX/HLEDMATRIX_config.o
 .debug_macro   0x000039ba       0x16 ./src/HAL/HLEDMATRIX/HLEDMATRIX_config.o
 .debug_macro   0x000039d0       0x54 ./src/HAL/HLEDMATRIX/HLEDMATRIX_program.o
 .debug_macro   0x00003a24      0x4e4 ./src/_initialize_hardware.o
 .debug_macro   0x00003f08       0x46 ./src/main.o
